<html>
<body>
<pre>
<h1>µVision Build Log</h1>
<h2>Tool Versions:</h2>
IDE-Version: ¦ÌVision V5.38.0.0
Copyright (C) 2022 ARM Ltd and ARM Germany GmbH. All rights reserved.
License Information: hui liu, utk, LIC=BL28G-VZVN3-ZEAH2-9DNEE-DLA2D-WACKU
 
Tool Versions:
Toolchain:       MDK-ARM Professional  Version: 5.38.0.0
Toolchain Path:  D:\Program Files\Keil\ARM\ARMCLANG\Bin
C Compiler:      ArmClang.exe V6.19
Assembler:       Armasm.exe V6.19
Linker/Locator:  ArmLink.exe V6.19
Library Manager: ArmAr.exe V6.19
Hex Converter:   FromElf.exe V6.19
CPU DLL:         SARMCM3.DLL V5.38.0.0
Dialog DLL:      DCM.DLL V1.17.5.0
Target DLL:      STLink\ST-LINKIII-KEIL_SWO.dll V3.1.0.0
Dialog DLL:      TCM.DLL V1.56.4.0
 
<h2>Project:</h2>
g:\STM32\GPIO\GPIO_LED\MDK-ARM\GPIO_LED.uvprojx
Project File Date:  05/24/2023

<h2>Output:</h2>
*** Using Compiler 'V6.19', folder: 'D:\Program Files\Keil\ARM\ARMCLANG\Bin'
Rebuild target 'GPIO_LED'
assembling startup_stm32f415xx.s...
compiling gpio.c...
compiling stm32f4xx_hal_msp.c...
compiling spi.c...
compiling tim.c...
compiling stm32f4xx_it.c...
compiling usart.c...
compiling main.c...
compiling Madgwick.c...
../Core/Src/MPU9250.c(544): warning: using integer absolute value function 'abs' when argument is of floating point type [-Wabsolute-value]
                if (abs(sinp) >= 1)
                    ^
../Core/Src/MPU9250.c(544): note: use function 'fabsf' instead
                if (abs(sinp) >= 1)
                    ^~~
                    fabsf
1 warning generated.
compiling MPU9250.c...
compiling stm32f4xx_hal_flash_ramfunc.c...
compiling stm32f4xx_hal_flash.c...
compiling stm32f4xx_hal_pwr.c...
compiling stm32f4xx_hal_flash_ex.c...
compiling stm32f4xx_hal_gpio.c...
compiling stm32f4xx_hal_rcc_ex.c...
compiling stm32f4xx_hal_dma_ex.c...
compiling stm32f4xx_hal_rcc.c...
compiling stm32f4xx_hal_dma.c...
compiling stm32f4xx_hal_pwr_ex.c...
compiling stm32f4xx_hal_spi.c...
compiling stm32f4xx_hal_cortex.c...
compiling stm32f4xx_hal.c...
compiling stm32f4xx_hal_exti.c...
compiling system_stm32f4xx.c...
compiling stm32f4xx_hal_tim_ex.c...
compiling stm32f4xx_hal_uart.c...
compiling stm32f4xx_hal_tim.c...
linking...
Program Size: Code=18896 RO-data=688 RW-data=32 ZI-data=1368  
FromELF: creating hex file...
"GPIO_LED\GPIO_LED.axf" - 0 Error(s), 1 Warning(s).

<h2>Software Packages used:</h2>

Package Vendor: ARM
                http://www.keil.com/pack/ARM.CMSIS.5.9.0.pack
                ARM.CMSIS.5.9.0
                CMSIS (Common Microcontroller Software Interface Standard)
   * Component: CORE Version: 5.6.0

Package Vendor: Keil
                https://www.keil.com/pack/Keil.STM32F4xx_DFP.2.17.0.pack
                Keil.STM32F4xx_DFP.2.17.0
                STMicroelectronics STM32F4 Series Device Support, Drivers and Examples

<h2>Collection of Component include folders:</h2>
  ./RTE/_GPIO_LED
  D:/Program Files/Keil/ARM/PACK/ARM/CMSIS/5.9.0/CMSIS/Core/Include
  D:/Program Files/Keil/ARM/PACK/Keil/STM32F4xx_DFP/2.17.0/Drivers/CMSIS/Device/ST/STM32F4xx/Include

<h2>Collection of Component Files used:</h2>

   * Component: ARM::CMSIS:CORE:5.6.0
      Include file:  CMSIS/Core/Include/tz_context.h
Build Time Elapsed:  00:00:04
</pre>
</body>
</html>
